[2026-08-28T03:00:00+00:00] Đảo chiều -> HOLD | Đảo chiều: chưa xác định -> sideways (EMA=uptrend, RSI9=sideways)
[2026-08-28T13:00:00+00:00] Đảo chiều -> SELL | Đảo chiều: sideways -> downtrend (EMA=downtrend, RSI9=downtrend)
[2026-08-28T13:30:00+00:00] Đảo chiều -> HOLD | Đảo chiều: downtrend -> sideways (EMA=downtrend, RSI9=sideways)
[2026-08-28T14:00:00+00:00] Đảo chiều -> SELL | Đảo chiều: sideways -> downtrend (EMA=downtrend, RSI9=downtrend)
[2026-08-28T14:30:00+00:00] Đảo chiều -> HOLD | Đảo chiều: downtrend -> sideways (EMA=downtrend, RSI9=sideways)
[2026-08-28T15:30:00+00:00] Đảo chiều -> SELL | Đảo chiều: sideways -> downtrend (EMA=downtrend, RSI9=downtrend)
[2026-08-28T22:00:00+00:00] Đảo chiều -> HOLD | Đảo chiều: downtrend -> sideways (EMA=downtrend, RSI9=sideways)
[2026-08-29T06:00:00+00:00] Đảo chiều -> SELL | Đảo chiều: sideways -> downtrend (EMA=downtrend, RSI9=downtrend)
[2026-08-29T06:30:00+00:00] Đảo chiều -> HOLD | Đảo chiều: downtrend -> sideways (EMA=downtrend, RSI9=sideways)
[2026-08-29T22:30:00+00:00] Đảo chiều -> BUY | Đảo chiều: sideways -> uptrend (EMA=uptrend, RSI9=uptrend)
[2026-08-30T00:00:00+00:00] Đảo chiều -> HOLD | Đảo chiều: uptrend -> sideways (EMA=uptrend, RSI9=sideways)
[2026-08-30T06:30:00+00:00] Đảo chiều -> BUY | Đảo chiều: sideways -> uptrend (EMA=uptrend, RSI9=uptrend)
[2026-08-30T07:00:00+00:00] Đảo chiều -> HOLD | Đảo chiều: uptrend -> sideways (EMA=uptrend, RSI9=sideways)
[2026-08-30T12:00:00+00:00] Đảo chiều -> BUY | Đảo chiều: sideways -> uptrend (EMA=uptrend, RSI9=uptrend)
[2026-08-30T17:00:00+00:00] Đảo chiều -> HOLD | Đảo chiều: uptrend -> sideways (EMA=uptrend, RSI9=sideways)
[2026-08-31T01:00:00+00:00] Đảo chiều -> SELL | Đảo chiều: sideways -> downtrend (EMA=downtrend, RSI9=downtrend)
[2026-08-31T02:00:00+00:00] Đảo chiều -> HOLD | Đảo chiều: downtrend -> sideways (EMA=downtrend, RSI9=sideways)
[2026-08-31T02:30:00+00:00] Đảo chiều -> SELL | Đảo chiều: sideways -> downtrend (EMA=downtrend, RSI9=downtrend)
[2026-08-31T03:00:00+00:00] Đảo chiều -> HOLD | Đảo chiều: downtrend -> sideways (EMA=downtrend, RSI9=sideways)
[2026-08-31T04:00:00+00:00] Đảo chiều -> SELL | Đảo chiều: sideways -> downtrend (EMA=downtrend, RSI9=downtrend)
[2026-08-31T04:30:00+00:00] Đảo chiều -> HOLD | Đảo chiều: downtrend -> sideways (EMA=downtrend, RSI9=sideways)
[2026-08-31T10:30:00+00:00] Đảo chiều -> BUY | Đảo chiều: sideways -> uptrend (EMA=uptrend, RSI9=uptrend)
[2026-08-31T11:00:00+00:00] Đảo chiều -> HOLD | Đảo chiều: uptrend -> sideways (EMA=uptrend, RSI9=sideways)
[2026-08-31T17:30:00+00:00] Đảo chiều -> BUY | Đảo chiều: sideways -> uptrend (EMA=uptrend, RSI9=uptrend)
[2026-08-31T19:30:00+00:00] Đảo chiều -> HOLD | Đảo chiều: uptrend -> sideways (EMA=uptrend, RSI9=sideways)
[2026-09-01T05:30:00+00:00] Đảo chiều -> BUY | Đảo chiều: sideways -> uptrend (EMA=uptrend, RSI9=uptrend)
[2026-09-01T06:00:00+00:00] Đảo chiều -> HOLD | Đảo chiều: uptrend -> sideways (EMA=uptrend, RSI9=sideways)
[2026-09-01T09:00:00+00:00] Đảo chiều -> SELL | Đảo chiều: sideways -> downtrend (EMA=downtrend, RSI9=downtrend)
[2026-09-01T10:30:00+00:00] Đảo chiều -> HOLD | Đảo chiều: downtrend -> sideways (EMA=downtrend, RSI9=sideways)
[2026-09-01T13:00:00+00:00] Đảo chiều -> SELL | Đảo chiều: sideways -> downtrend (EMA=downtrend, RSI9=downtrend)
[2026-09-01T13:30:00+00:00] Đảo chiều -> HOLD | Đảo chiều: downtrend -> sideways (EMA=downtrend, RSI9=sideways)
[2026-09-01T16:00:00+00:00] Đảo chiều -> SELL | Đảo chiều: sideways -> downtrend (EMA=downtrend, RSI9=downtrend)
[2026-09-01T19:00:00+00:00] Đảo chiều -> HOLD | Đảo chiều: downtrend -> sideways (EMA=downtrend, RSI9=sideways)
[2026-09-01T21:00:00+00:00] Đảo chiều -> SELL | Đảo chiều: sideways -> downtrend (EMA=downtrend, RSI9=downtrend)
[2026-09-01T21:30:00+00:00] Đảo chiều -> HOLD | Đảo chiều: downtrend -> sideways (EMA=downtrend, RSI9=sideways)
[2026-09-01T22:00:00+00:00] Đảo chiều -> SELL | Đảo chiều: sideways -> downtrend (EMA=downtrend, RSI9=downtrend)
[2026-09-01T22:30:00+00:00] Đảo chiều -> HOLD | Đảo chiều: downtrend -> sideways (EMA=downtrend, RSI9=sideways)
[2026-09-02T01:30:00+00:00] Đảo chiều -> SELL | Đảo chiều: sideways -> downtrend (EMA=downtrend, RSI9=downtrend)
[2026-09-02T02:00:00+00:00] Đảo chiều -> HOLD | Đảo chiều: downtrend -> sideways (EMA=downtrend, RSI9=sideways)
[2026-09-02T08:30:00+00:00] Đảo chiều -> SELL | Đảo chiều: sideways -> downtrend (EMA=downtrend, RSI9=downtrend)
[2026-09-02T11:30:00+00:00] Đảo chiều -> HOLD | Đảo chiều: downtrend -> sideways (EMA=downtrend, RSI9=sideways)
[2026-09-03T12:30:00+00:00] Đảo chiều -> BUY | Đảo chiều: sideways -> uptrend (EMA=uptrend, RSI9=uptrend)
[2026-09-03T22:00:00+00:00] Đảo chiều -> HOLD | Đảo chiều: uptrend -> sideways (EMA=uptrend, RSI9=sideways)
[2026-09-04T15:30:00+00:00] Đảo chiều -> SELL | Đảo chiều: sideways -> downtrend (EMA=downtrend, RSI9=downtrend)
[2026-09-04T16:00:00+00:00] Đảo chiều -> HOLD | Đảo chiều: downtrend -> sideways (EMA=downtrend, RSI9=sideways)
[2026-09-05T17:30:00+00:00] Đảo chiều -> BUY | Đảo chiều: sideways -> uptrend (EMA=uptrend, RSI9=uptrend)
[2026-09-05T18:00:00+00:00] Đảo chiều -> HOLD | Đảo chiều: uptrend -> sideways (EMA=uptrend, RSI9=sideways)
[2026-09-05T18:30:00+00:00] Đảo chiều -> BUY | Đảo chiều: sideways -> uptrend (EMA=uptrend, RSI9=uptrend)
[2026-09-05T19:00:00+00:00] Đảo chiều -> HOLD | Đảo chiều: uptrend -> sideways (EMA=uptrend, RSI9=sideways)
[2026-09-06T03:30:00+00:00] Đảo chiều -> BUY | Đảo chiều: sideways -> uptrend (EMA=uptrend, RSI9=uptrend)
[2026-09-06T04:00:00+00:00] Đảo chiều -> HOLD | Đảo chiều: uptrend -> sideways (EMA=uptrend, RSI9=sideways)
